
===== 开始 List 测试 =====
通过：已捕获 out_of_range 异常

===== 所有 List 测试通过 =====

===== 开始 Vector 测试 =====
===== Vector 测试通过 =====

===== 所有测试通过 =====

===== 开始 栈/队列 测试 =====
===== 栈/队列 测试通过 =====


===== 开始 BinNode 测试 =====
===== BinNode 测试通过 =====


===== 开始 BinTree 测试 =====
===== BinTree 测试通过 =====

